================================================================================
Map: random-32-32-20 | Agents: 35 | Scenarios: 50
================================================================================

  ✅ random-32-32-20-random-13                SOLVED       runtime=0.21s, makespan=52, soc=1785
  ✅ random-32-32-20-random-2                 SOLVED       runtime=0.23s, makespan=50, soc=1715
  ✅ random-32-32-20-random-12                SOLVED       runtime=0.25s, makespan=61, soc=2100
  ✅ random-32-32-20-random-5                 SOLVED       runtime=0.26s, makespan=49, soc=1680
  ✅ random-32-32-20-random-7                 SOLVED       runtime=0.20s, makespan=47, soc=1610
  ✅ random-32-32-20-random-6                 SOLVED       runtime=0.22s, makespan=47, soc=1610
  ✅ random-32-32-20-random-10                SOLVED       runtime=0.23s, makespan=46, soc=1575
  ✅ random-32-32-20-random-18                SOLVED       runtime=0.25s, makespan=52, soc=1785
  ✅ random-32-32-20-random-17                SOLVED       runtime=0.26s, makespan=44, soc=1505
  ✅ random-32-32-20-random-19                SOLVED       runtime=0.21s, makespan=45, soc=1540
  ✅ random-32-32-20-random-25                SOLVED       runtime=0.23s, makespan=50, soc=1715
  ✅ random-32-32-20-random-1                 SOLVED       runtime=0.24s, makespan=49, soc=1680
  ✅ random-32-32-20-random-21                SOLVED       runtime=0.26s, makespan=40, soc=1365
  ✅ random-32-32-20-random-23                SOLVED       runtime=0.22s, makespan=45, soc=1540
  ✅ random-32-32-20-random-11                SOLVED       runtime=0.23s, makespan=46, soc=1575
  ✅ random-32-32-20-random-20                SOLVED       runtime=0.24s, makespan=45, soc=1540
  ✅ random-32-32-20-random-4                 SOLVED       runtime=0.26s, makespan=47, soc=1610
  ✅ random-32-32-20-random-9                 SOLVED       runtime=0.26s, makespan=51, soc=1750
  ✅ random-32-32-20-random-3                 SOLVED       runtime=0.21s, makespan=43, soc=1470
  ✅ random-32-32-20-random-14                SOLVED       runtime=0.22s, makespan=45, soc=1540
  ✅ random-32-32-20-random-16                SOLVED       runtime=0.24s, makespan=45, soc=1540
  ✅ random-32-32-20-random-22                SOLVED       runtime=0.25s, makespan=48, soc=1645
  ✅ random-32-32-20-even-22                  SOLVED       runtime=0.21s, makespan=51, soc=1750
  ✅ random-32-32-20-random-8                 SOLVED       runtime=0.23s, makespan=40, soc=1365
  ✅ random-32-32-20-random-24                SOLVED       runtime=0.24s, makespan=57, soc=1960
  ✅ random-32-32-20-random-15                SOLVED       runtime=0.26s, makespan=42, soc=1435
  ✅ random-32-32-20-even-8                   SOLVED       runtime=0.22s, makespan=50, soc=1715
  ✅ random-32-32-20-even-15                  SOLVED       runtime=0.23s, makespan=51, soc=1750
  ✅ random-32-32-20-even-13                  SOLVED       runtime=0.26s, makespan=53, soc=1820
  ✅ random-32-32-20-even-3                   SOLVED       runtime=0.22s, makespan=42, soc=1435
  ✅ random-32-32-20-even-24                  SOLVED       runtime=0.24s, makespan=53, soc=1820
  ✅ random-32-32-20-even-21                  SOLVED       runtime=0.21s, makespan=54, soc=1855
  ✅ random-32-32-20-even-6                   SOLVED       runtime=0.23s, makespan=42, soc=1435
  ✅ random-32-32-20-even-9                   SOLVED       runtime=0.21s, makespan=51, soc=1750
  ✅ random-32-32-20-even-16                  SOLVED       runtime=0.22s, makespan=53, soc=1820
  ✅ random-32-32-20-even-1                   SOLVED       runtime=0.22s, makespan=49, soc=1680
  ✅ random-32-32-20-even-7                   SOLVED       runtime=0.23s, makespan=47, soc=1610
  ✅ random-32-32-20-even-23                  SOLVED       runtime=0.22s, makespan=51, soc=1750
  ✅ random-32-32-20-even-18                  SOLVED       runtime=0.23s, makespan=52, soc=1785
  ✅ random-32-32-20-even-20                  SOLVED       runtime=0.22s, makespan=51, soc=1750
  ✅ random-32-32-20-even-17                  SOLVED       runtime=0.21s, makespan=53, soc=1820
  ✅ random-32-32-20-even-25                  SOLVED       runtime=0.21s, makespan=51, soc=1750
  ✅ random-32-32-20-even-14                  SOLVED       runtime=0.21s, makespan=52, soc=1785
  ✅ random-32-32-20-even-4                   SOLVED       runtime=0.21s, makespan=48, soc=1645
  ✅ random-32-32-20-even-19                  SOLVED       runtime=0.22s, makespan=53, soc=1820
  ❌ random-32-32-20-even-11                  FAILED       runtime=10.47s
  ❌ random-32-32-20-even-12                  FAILED       runtime=10.83s
  ❌ random-32-32-20-even-2                   FAILED       runtime=10.80s
  ❌ random-32-32-20-even-5                   FAILED       runtime=10.92s
  ❌ random-32-32-20-even-10                  FAILED       runtime=10.60s
