================================================================================
Map: random-32-32-20 | Agents: 25 | Scenarios: 50
================================================================================

  ✅ random-32-32-20-random-13                SOLVED       runtime=0.22s, makespan=38, soc=925
  ✅ random-32-32-20-random-2                 SOLVED       runtime=0.23s, makespan=48, soc=1175
  ✅ random-32-32-20-random-12                SOLVED       runtime=0.25s, makespan=42, soc=1025
  ✅ random-32-32-20-random-5                 SOLVED       runtime=0.27s, makespan=49, soc=1200
  ✅ random-32-32-20-random-17                SOLVED       runtime=0.27s, makespan=45, soc=1100
  ✅ random-32-32-20-random-7                 SOLVED       runtime=0.21s, makespan=38, soc=925
  ✅ random-32-32-20-random-6                 SOLVED       runtime=0.22s, makespan=46, soc=1125
  ✅ random-32-32-20-random-10                SOLVED       runtime=0.24s, makespan=46, soc=1125
  ✅ random-32-32-20-random-18                SOLVED       runtime=0.25s, makespan=52, soc=1275
  ✅ random-32-32-20-random-19                SOLVED       runtime=0.22s, makespan=45, soc=1100
  ✅ random-32-32-20-random-25                SOLVED       runtime=0.23s, makespan=45, soc=1100
  ✅ random-32-32-20-random-1                 SOLVED       runtime=0.25s, makespan=49, soc=1200
  ✅ random-32-32-20-random-21                SOLVED       runtime=0.26s, makespan=40, soc=975
  ✅ random-32-32-20-random-9                 SOLVED       runtime=0.20s, makespan=46, soc=1125
  ✅ random-32-32-20-random-23                SOLVED       runtime=0.22s, makespan=44, soc=1075
  ✅ random-32-32-20-random-11                SOLVED       runtime=0.23s, makespan=46, soc=1125
  ✅ random-32-32-20-random-20                SOLVED       runtime=0.25s, makespan=45, soc=1100
  ✅ random-32-32-20-random-4                 SOLVED       runtime=0.26s, makespan=47, soc=1150
  ✅ random-32-32-20-random-3                 SOLVED       runtime=0.21s, makespan=42, soc=1025
  ✅ random-32-32-20-random-14                SOLVED       runtime=0.23s, makespan=39, soc=950
  ✅ random-32-32-20-random-16                SOLVED       runtime=0.24s, makespan=38, soc=925
  ✅ random-32-32-20-random-22                SOLVED       runtime=0.26s, makespan=48, soc=1175
  ✅ random-32-32-20-even-22                  SOLVED       runtime=0.22s, makespan=50, soc=1225
  ✅ random-32-32-20-random-8                 SOLVED       runtime=0.23s, makespan=40, soc=975
  ✅ random-32-32-20-random-24                SOLVED       runtime=0.25s, makespan=57, soc=1400
  ✅ random-32-32-20-random-15                SOLVED       runtime=0.26s, makespan=42, soc=1025
  ✅ random-32-32-20-even-8                   SOLVED       runtime=0.22s, makespan=50, soc=1225
  ✅ random-32-32-20-even-15                  SOLVED       runtime=0.24s, makespan=51, soc=1250
  ✅ random-32-32-20-even-12                  SOLVED       runtime=0.25s, makespan=54, soc=1325
  ✅ random-32-32-20-even-13                  SOLVED       runtime=0.27s, makespan=53, soc=1300
  ✅ random-32-32-20-even-2                   SOLVED       runtime=0.21s, makespan=45, soc=1100
  ✅ random-32-32-20-even-3                   SOLVED       runtime=0.22s, makespan=42, soc=1025
  ✅ random-32-32-20-even-24                  SOLVED       runtime=0.24s, makespan=53, soc=1300
  ✅ random-32-32-20-even-21                  SOLVED       runtime=0.21s, makespan=51, soc=1250
  ✅ random-32-32-20-even-6                   SOLVED       runtime=0.23s, makespan=42, soc=1025
  ✅ random-32-32-20-even-9                   SOLVED       runtime=0.21s, makespan=48, soc=1175
  ✅ random-32-32-20-even-16                  SOLVED       runtime=0.22s, makespan=53, soc=1300
  ✅ random-32-32-20-even-7                   SOLVED       runtime=0.21s, makespan=47, soc=1150
  ✅ random-32-32-20-even-1                   SOLVED       runtime=0.23s, makespan=44, soc=1075
  ✅ random-32-32-20-even-23                  SOLVED       runtime=0.22s, makespan=50, soc=1225
  ✅ random-32-32-20-even-18                  SOLVED       runtime=0.23s, makespan=52, soc=1275
  ✅ random-32-32-20-even-20                  SOLVED       runtime=0.22s, makespan=52, soc=1275
  ✅ random-32-32-20-even-17                  SOLVED       runtime=0.21s, makespan=53, soc=1300
  ✅ random-32-32-20-even-25                  SOLVED       runtime=0.21s, makespan=51, soc=1250
  ✅ random-32-32-20-even-14                  SOLVED       runtime=0.21s, makespan=52, soc=1275
  ✅ random-32-32-20-even-4                   SOLVED       runtime=0.22s, makespan=50, soc=1225
  ✅ random-32-32-20-even-19                  SOLVED       runtime=0.21s, makespan=46, soc=1125
  ❌ random-32-32-20-even-11                  FAILED       runtime=5.40s
  ❌ random-32-32-20-even-5                   FAILED       runtime=5.57s
  ❌ random-32-32-20-even-10                  FAILED       runtime=5.53s
