================================================================================
Map: random-64-64-20 | Agents: 30 | Scenarios: 50
================================================================================

  ✅ random-64-64-20-random-1                 SOLVED       runtime=0.32s, makespan=91, soc=2700
  ✅ random-64-64-20-random-25                SOLVED       runtime=0.33s, makespan=79, soc=2340
  ✅ random-64-64-20-random-23                SOLVED       runtime=0.32s, makespan=95, soc=2820
  ✅ random-64-64-20-random-2                 SOLVED       runtime=0.32s, makespan=87, soc=2580
  ✅ random-64-64-20-random-7                 SOLVED       runtime=0.32s, makespan=66, soc=1950
  ✅ random-64-64-20-random-9                 SOLVED       runtime=0.32s, makespan=82, soc=2430
  ✅ random-64-64-20-random-22                SOLVED       runtime=0.32s, makespan=78, soc=2310
  ✅ random-64-64-20-random-8                 SOLVED       runtime=0.32s, makespan=83, soc=2460
  ✅ random-64-64-20-random-13                SOLVED       runtime=0.33s, makespan=77, soc=2280
  ✅ random-64-64-20-random-14                SOLVED       runtime=0.32s, makespan=77, soc=2280
  ✅ random-64-64-20-random-20                SOLVED       runtime=0.33s, makespan=79, soc=2340
  ✅ random-64-64-20-random-6                 SOLVED       runtime=0.33s, makespan=114, soc=3390
  ✅ random-64-64-20-random-18                SOLVED       runtime=0.33s, makespan=102, soc=3030
  ✅ random-64-64-20-random-17                SOLVED       runtime=0.33s, makespan=85, soc=2520
  ✅ random-64-64-20-random-11                SOLVED       runtime=0.33s, makespan=94, soc=2790
  ✅ random-64-64-20-random-19                SOLVED       runtime=0.33s, makespan=84, soc=2490
  ✅ random-64-64-20-random-3                 SOLVED       runtime=0.33s, makespan=83, soc=2460
  ✅ random-64-64-20-random-15                SOLVED       runtime=0.33s, makespan=99, soc=2940
  ✅ random-64-64-20-random-12                SOLVED       runtime=0.32s, makespan=90, soc=2670
  ✅ random-64-64-20-random-10                SOLVED       runtime=0.33s, makespan=89, soc=2640
  ✅ random-64-64-20-random-16                SOLVED       runtime=0.33s, makespan=90, soc=2670
  ✅ random-64-64-20-random-21                SOLVED       runtime=0.33s, makespan=87, soc=2580
  ✅ random-64-64-20-random-24                SOLVED       runtime=0.33s, makespan=97, soc=2880
  ✅ random-64-64-20-random-4                 SOLVED       runtime=0.35s, makespan=97, soc=2880
  ✅ random-64-64-20-random-5                 SOLVED       runtime=0.34s, makespan=86, soc=2550
  ✅ random-64-64-20-even-16                  SOLVED       runtime=0.34s, makespan=96, soc=2850
  ✅ random-64-64-20-even-5                   SOLVED       runtime=0.34s, makespan=110, soc=3270
  ✅ random-64-64-20-even-3                   SOLVED       runtime=0.35s, makespan=107, soc=3180
  ✅ random-64-64-20-even-17                  SOLVED       runtime=0.34s, makespan=99, soc=2940
  ✅ random-64-64-20-even-25                  SOLVED       runtime=0.34s, makespan=101, soc=3000
  ✅ random-64-64-20-even-8                   SOLVED       runtime=0.34s, makespan=102, soc=3030
  ✅ random-64-64-20-even-12                  SOLVED       runtime=0.34s, makespan=102, soc=3030
  ✅ random-64-64-20-even-11                  SOLVED       runtime=0.33s, makespan=113, soc=3360
  ✅ random-64-64-20-even-24                  SOLVED       runtime=0.35s, makespan=102, soc=3030
  ✅ random-64-64-20-even-1                   SOLVED       runtime=0.34s, makespan=107, soc=3180
  ✅ random-64-64-20-even-20                  SOLVED       runtime=0.35s, makespan=100, soc=2970
  ✅ random-64-64-20-even-15                  SOLVED       runtime=0.34s, makespan=101, soc=3000
  ✅ random-64-64-20-even-4                   SOLVED       runtime=0.36s, makespan=104, soc=3090
  ✅ random-64-64-20-even-14                  SOLVED       runtime=0.35s, makespan=101, soc=3000
  ✅ random-64-64-20-even-19                  SOLVED       runtime=0.34s, makespan=100, soc=2970
  ✅ random-64-64-20-even-10                  SOLVED       runtime=0.35s, makespan=104, soc=3090
  ✅ random-64-64-20-even-2                   SOLVED       runtime=0.35s, makespan=108, soc=3210
  ✅ random-64-64-20-even-7                   SOLVED       runtime=0.34s, makespan=106, soc=3150
  ✅ random-64-64-20-even-18                  SOLVED       runtime=0.35s, makespan=102, soc=3030
  ✅ random-64-64-20-even-13                  SOLVED       runtime=0.35s, makespan=118, soc=3510
  ✅ random-64-64-20-even-23                  SOLVED       runtime=0.35s, makespan=105, soc=3120
  ✅ random-64-64-20-even-9                   SOLVED       runtime=0.36s, makespan=112, soc=3330
  ✅ random-64-64-20-even-6                   SOLVED       runtime=0.36s, makespan=101, soc=3000
  ✅ random-64-64-20-even-22                  SOLVED       runtime=0.36s, makespan=109, soc=3240
  ✅ random-64-64-20-even-21                  SOLVED       runtime=0.35s, makespan=104, soc=3090
