================================================================================
Map: random-32-32-20 | Agents: 20 | Scenarios: 50
================================================================================

  ✅ random-32-32-20-random-13                SOLVED       runtime=0.22s, makespan=38, soc=740
  ✅ random-32-32-20-random-2                 SOLVED       runtime=0.23s, makespan=48, soc=940
  ✅ random-32-32-20-random-12                SOLVED       runtime=0.25s, makespan=42, soc=820
  ✅ random-32-32-20-random-5                 SOLVED       runtime=0.27s, makespan=49, soc=960
  ✅ random-32-32-20-random-17                SOLVED       runtime=0.27s, makespan=41, soc=800
  ✅ random-32-32-20-random-7                 SOLVED       runtime=0.21s, makespan=38, soc=740
  ✅ random-32-32-20-random-6                 SOLVED       runtime=0.22s, makespan=40, soc=780
  ✅ random-32-32-20-random-10                SOLVED       runtime=0.24s, makespan=46, soc=900
  ✅ random-32-32-20-random-18                SOLVED       runtime=0.26s, makespan=52, soc=1020
  ✅ random-32-32-20-random-19                SOLVED       runtime=0.22s, makespan=45, soc=880
  ✅ random-32-32-20-random-25                SOLVED       runtime=0.23s, makespan=45, soc=880
  ✅ random-32-32-20-random-1                 SOLVED       runtime=0.25s, makespan=49, soc=960
  ✅ random-32-32-20-random-21                SOLVED       runtime=0.26s, makespan=40, soc=780
  ✅ random-32-32-20-random-4                 SOLVED       runtime=0.26s, makespan=47, soc=920
  ✅ random-32-32-20-random-9                 SOLVED       runtime=0.21s, makespan=46, soc=900
  ✅ random-32-32-20-random-23                SOLVED       runtime=0.22s, makespan=44, soc=860
  ✅ random-32-32-20-random-11                SOLVED       runtime=0.23s, makespan=46, soc=900
  ✅ random-32-32-20-random-20                SOLVED       runtime=0.25s, makespan=45, soc=880
  ✅ random-32-32-20-random-3                 SOLVED       runtime=0.21s, makespan=42, soc=820
  ✅ random-32-32-20-random-14                SOLVED       runtime=0.23s, makespan=39, soc=760
  ✅ random-32-32-20-random-16                SOLVED       runtime=0.24s, makespan=38, soc=740
  ✅ random-32-32-20-random-22                SOLVED       runtime=0.26s, makespan=48, soc=940
  ✅ random-32-32-20-even-22                  SOLVED       runtime=0.22s, makespan=73, soc=1440
  ✅ random-32-32-20-random-8                 SOLVED       runtime=0.23s, makespan=40, soc=780
  ✅ random-32-32-20-random-24                SOLVED       runtime=0.25s, makespan=57, soc=1120
  ✅ random-32-32-20-random-15                SOLVED       runtime=0.26s, makespan=40, soc=780
  ✅ random-32-32-20-even-13                  SOLVED       runtime=0.26s, makespan=53, soc=1040
  ✅ random-32-32-20-even-8                   SOLVED       runtime=0.23s, makespan=50, soc=980
  ✅ random-32-32-20-even-15                  SOLVED       runtime=0.24s, makespan=51, soc=1000
  ✅ random-32-32-20-even-12                  SOLVED       runtime=0.25s, makespan=52, soc=1020
  ✅ random-32-32-20-even-11                  SOLVED       runtime=0.26s, makespan=57, soc=1120
  ✅ random-32-32-20-even-2                   SOLVED       runtime=0.21s, makespan=45, soc=880
  ✅ random-32-32-20-even-3                   SOLVED       runtime=0.23s, makespan=42, soc=820
  ✅ random-32-32-20-even-24                  SOLVED       runtime=0.24s, makespan=53, soc=1040
  ✅ random-32-32-20-even-21                  SOLVED       runtime=0.21s, makespan=51, soc=1000
  ✅ random-32-32-20-even-5                   SOLVED       runtime=0.22s, makespan=43, soc=840
  ✅ random-32-32-20-even-6                   SOLVED       runtime=0.24s, makespan=40, soc=780
  ✅ random-32-32-20-even-9                   SOLVED       runtime=0.21s, makespan=48, soc=940
  ✅ random-32-32-20-even-16                  SOLVED       runtime=0.22s, makespan=50, soc=980
  ✅ random-32-32-20-even-7                   SOLVED       runtime=0.21s, makespan=48, soc=940
  ✅ random-32-32-20-even-1                   SOLVED       runtime=0.23s, makespan=44, soc=860
  ✅ random-32-32-20-even-18                  SOLVED       runtime=0.21s, makespan=51, soc=1000
  ✅ random-32-32-20-even-23                  SOLVED       runtime=0.23s, makespan=50, soc=980
  ✅ random-32-32-20-even-20                  SOLVED       runtime=0.23s, makespan=50, soc=980
  ✅ random-32-32-20-even-17                  SOLVED       runtime=0.22s, makespan=53, soc=1040
  ✅ random-32-32-20-even-25                  SOLVED       runtime=0.21s, makespan=51, soc=1000
  ✅ random-32-32-20-even-14                  SOLVED       runtime=0.22s, makespan=52, soc=1020
  ✅ random-32-32-20-even-4                   SOLVED       runtime=0.22s, makespan=48, soc=940
  ✅ random-32-32-20-even-19                  SOLVED       runtime=0.21s, makespan=46, soc=900
  ❌ random-32-32-20-even-10                  FAILED       runtime=3.75s
