================================================================================
Map: warehouse-20-40-10-2-1 | Agents: 60 | Scenarios: 50
================================================================================

  ✅ warehouse-20-40-10-2-1-random-21         SOLVED       runtime=2.00s, makespan=319, soc=19080
  ✅ warehouse-20-40-10-2-1-random-10         SOLVED       runtime=2.23s, makespan=378, soc=22620
  ✅ warehouse-20-40-10-2-1-random-9          SOLVED       runtime=2.20s, makespan=362, soc=21660
  ✅ warehouse-20-40-10-2-1-random-13         SOLVED       runtime=2.12s, makespan=350, soc=20940
  ✅ warehouse-20-40-10-2-1-random-19         SOLVED       runtime=2.25s, makespan=401, soc=24000
  ✅ warehouse-20-40-10-2-1-random-1          SOLVED       runtime=2.14s, makespan=328, soc=19620
  ✅ warehouse-20-40-10-2-1-random-5          SOLVED       runtime=2.19s, makespan=378, soc=22620
  ✅ warehouse-20-40-10-2-1-random-3          SOLVED       runtime=2.32s, makespan=388, soc=23220
  ✅ warehouse-20-40-10-2-1-random-15         SOLVED       runtime=2.18s, makespan=377, soc=22560
  ✅ warehouse-20-40-10-2-1-random-24         SOLVED       runtime=2.21s, makespan=353, soc=21120
  ✅ warehouse-20-40-10-2-1-random-23         SOLVED       runtime=2.04s, makespan=356, soc=21300
  ✅ warehouse-20-40-10-2-1-random-4          SOLVED       runtime=2.17s, makespan=370, soc=22140
  ✅ warehouse-20-40-10-2-1-random-20         SOLVED       runtime=2.08s, makespan=344, soc=20580
  ✅ warehouse-20-40-10-2-1-random-25         SOLVED       runtime=2.23s, makespan=370, soc=22140
  ✅ warehouse-20-40-10-2-1-random-7          SOLVED       runtime=2.30s, makespan=374, soc=22380
  ✅ warehouse-20-40-10-2-1-random-2          SOLVED       runtime=2.11s, makespan=366, soc=21900
  ✅ warehouse-20-40-10-2-1-random-6          SOLVED       runtime=2.19s, makespan=372, soc=22260
  ✅ warehouse-20-40-10-2-1-random-12         SOLVED       runtime=2.05s, makespan=356, soc=21300
  ✅ warehouse-20-40-10-2-1-random-18         SOLVED       runtime=2.03s, makespan=324, soc=19380
  ✅ warehouse-20-40-10-2-1-random-17         SOLVED       runtime=2.24s, makespan=344, soc=20580
  ✅ warehouse-20-40-10-2-1-random-22         SOLVED       runtime=2.11s, makespan=369, soc=22080
  ✅ warehouse-20-40-10-2-1-random-14         SOLVED       runtime=2.21s, makespan=349, soc=20880
  ✅ warehouse-20-40-10-2-1-random-16         SOLVED       runtime=2.11s, makespan=345, soc=20640
  ⏱️ warehouse-20-40-10-2-1-random-8          TIMEOUT      runtime=300.28s
  ✅ warehouse-20-40-10-2-1-even-1            SOLVED       runtime=2.54s, makespan=387, soc=23160
  ✅ warehouse-20-40-10-2-1-even-2            SOLVED       runtime=2.46s, makespan=395, soc=23640
  ✅ warehouse-20-40-10-2-1-even-24           SOLVED       runtime=2.38s, makespan=412, soc=24660
  ✅ warehouse-20-40-10-2-1-even-3            SOLVED       runtime=2.44s, makespan=393, soc=23520
  ✅ warehouse-20-40-10-2-1-even-20           SOLVED       runtime=2.42s, makespan=411, soc=24600
  ✅ warehouse-20-40-10-2-1-even-9            SOLVED       runtime=2.34s, makespan=425, soc=25440
  ✅ warehouse-20-40-10-2-1-even-18           SOLVED       runtime=2.58s, makespan=411, soc=24600
  ✅ warehouse-20-40-10-2-1-even-22           SOLVED       runtime=2.35s, makespan=408, soc=24420
  ✅ warehouse-20-40-10-2-1-even-10           SOLVED       runtime=2.50s, makespan=407, soc=24360
  ⏱️ warehouse-20-40-10-2-1-random-11         TIMEOUT      runtime=300.03s
  ✅ warehouse-20-40-10-2-1-even-12           SOLVED       runtime=2.46s, makespan=410, soc=24540
  ⏱️ warehouse-20-40-10-2-1-even-4            TIMEOUT      runtime=300.15s
  ✅ warehouse-20-40-10-2-1-even-13           SOLVED       runtime=2.50s, makespan=409, soc=24480
  ✅ warehouse-20-40-10-2-1-even-6            SOLVED       runtime=2.31s, makespan=385, soc=23040
  ✅ warehouse-20-40-10-2-1-even-15           SOLVED       runtime=2.45s, makespan=401, soc=24000
  ✅ warehouse-20-40-10-2-1-even-17           SOLVED       runtime=2.42s, makespan=396, soc=23700
  ✅ warehouse-20-40-10-2-1-even-21           SOLVED       runtime=2.37s, makespan=413, soc=24720
  ✅ warehouse-20-40-10-2-1-even-11           SOLVED       runtime=2.34s, makespan=423, soc=25320
  ✅ warehouse-20-40-10-2-1-even-19           SOLVED       runtime=2.40s, makespan=417, soc=24960
  ✅ warehouse-20-40-10-2-1-even-8            SOLVED       runtime=2.33s, makespan=392, soc=23460
  ⏱️ warehouse-20-40-10-2-1-even-23           TIMEOUT      runtime=300.08s
  ✅ warehouse-20-40-10-2-1-even-25           SOLVED       runtime=2.45s, makespan=418, soc=25020
  ✅ warehouse-20-40-10-2-1-even-7            SOLVED       runtime=2.35s, makespan=409, soc=24480
  ⏱️ warehouse-20-40-10-2-1-even-16           TIMEOUT      runtime=300.02s
  ⏱️ warehouse-20-40-10-2-1-even-14           TIMEOUT      runtime=300.07s
  ⏱️ warehouse-20-40-10-2-1-even-5            TIMEOUT      runtime=300.05s
