================================================================================
Map: warehouse-20-40-10-2-1 | Agents: 95 | Scenarios: 50
================================================================================

  ✅ warehouse-20-40-10-2-1-random-21         SOLVED       runtime=3.30s, makespan=338, soc=32015
  ✅ warehouse-20-40-10-2-1-random-10         SOLVED       runtime=3.56s, makespan=378, soc=35815
  ✅ warehouse-20-40-10-2-1-random-9          SOLVED       runtime=3.45s, makespan=362, soc=34295
  ✅ warehouse-20-40-10-2-1-random-13         SOLVED       runtime=3.34s, makespan=350, soc=33155
  ✅ warehouse-20-40-10-2-1-random-19         SOLVED       runtime=3.46s, makespan=401, soc=38000
  ✅ warehouse-20-40-10-2-1-random-1          SOLVED       runtime=3.29s, makespan=346, soc=32775
  ✅ warehouse-20-40-10-2-1-random-5          SOLVED       runtime=3.53s, makespan=378, soc=35815
  ✅ warehouse-20-40-10-2-1-random-3          SOLVED       runtime=3.58s, makespan=388, soc=36765
  ✅ warehouse-20-40-10-2-1-random-24         SOLVED       runtime=3.31s, makespan=367, soc=34770
  ✅ warehouse-20-40-10-2-1-random-23         SOLVED       runtime=3.27s, makespan=356, soc=33725
  ✅ warehouse-20-40-10-2-1-random-20         SOLVED       runtime=3.46s, makespan=344, soc=32585
  ✅ warehouse-20-40-10-2-1-random-25         SOLVED       runtime=3.51s, makespan=370, soc=35055
  ✅ warehouse-20-40-10-2-1-random-7          SOLVED       runtime=3.51s, makespan=374, soc=35435
  ✅ warehouse-20-40-10-2-1-random-2          SOLVED       runtime=3.33s, makespan=366, soc=34675
  ✅ warehouse-20-40-10-2-1-random-18         SOLVED       runtime=3.24s, makespan=355, soc=33630
  ✅ warehouse-20-40-10-2-1-random-17         SOLVED       runtime=3.44s, makespan=344, soc=32585
  ✅ warehouse-20-40-10-2-1-random-11         SOLVED       runtime=3.41s, makespan=378, soc=35815
  ✅ warehouse-20-40-10-2-1-random-22         SOLVED       runtime=3.31s, makespan=369, soc=34960
  ✅ warehouse-20-40-10-2-1-random-14         SOLVED       runtime=3.51s, makespan=357, soc=33820
  ⏱️ warehouse-20-40-10-2-1-random-15         TIMEOUT      runtime=300.14s
  ⏱️ warehouse-20-40-10-2-1-random-4          TIMEOUT      runtime=300.11s
  ⏱️ warehouse-20-40-10-2-1-random-6          TIMEOUT      runtime=300.00s
  ⏱️ warehouse-20-40-10-2-1-random-12         TIMEOUT      runtime=300.10s
  ⏱️ warehouse-20-40-10-2-1-random-8          TIMEOUT      runtime=300.06s
  ✅ warehouse-20-40-10-2-1-even-2            SOLVED       runtime=3.97s, makespan=401, soc=38000
  ✅ warehouse-20-40-10-2-1-even-24           SOLVED       runtime=3.80s, makespan=422, soc=39995
  ✅ warehouse-20-40-10-2-1-even-20           SOLVED       runtime=4.04s, makespan=416, soc=39425
  ✅ warehouse-20-40-10-2-1-even-9            SOLVED       runtime=4.42s, makespan=425, soc=40280
  ✅ warehouse-20-40-10-2-1-even-22           SOLVED       runtime=3.76s, makespan=408, soc=38665
  ✅ warehouse-20-40-10-2-1-even-10           SOLVED       runtime=3.83s, makespan=407, soc=38570
  ⏱️ warehouse-20-40-10-2-1-random-16         TIMEOUT      runtime=300.10s
  ⏱️ warehouse-20-40-10-2-1-even-4            TIMEOUT      runtime=300.12s
  ✅ warehouse-20-40-10-2-1-even-13           SOLVED       runtime=3.84s, makespan=409, soc=38760
  ✅ warehouse-20-40-10-2-1-even-6            SOLVED       runtime=3.86s, makespan=390, soc=36955
  ⏱️ warehouse-20-40-10-2-1-even-1            TIMEOUT      runtime=300.03s
  ✅ warehouse-20-40-10-2-1-even-15           SOLVED       runtime=3.86s, makespan=401, soc=38000
  ✅ warehouse-20-40-10-2-1-even-17           SOLVED       runtime=3.75s, makespan=388, soc=36765
  ⏱️ warehouse-20-40-10-2-1-even-3            TIMEOUT      runtime=300.03s
  ✅ warehouse-20-40-10-2-1-even-21           SOLVED       runtime=3.75s, makespan=413, soc=39140
  ⏱️ warehouse-20-40-10-2-1-even-18           TIMEOUT      runtime=300.04s
  ✅ warehouse-20-40-10-2-1-even-19           SOLVED       runtime=3.95s, makespan=417, soc=39520
  ⏱️ warehouse-20-40-10-2-1-even-12           TIMEOUT      runtime=300.04s
  ✅ warehouse-20-40-10-2-1-even-25           SOLVED       runtime=3.81s, makespan=418, soc=39615
  ✅ warehouse-20-40-10-2-1-even-7            SOLVED       runtime=3.58s, makespan=409, soc=38760
  ⏱️ warehouse-20-40-10-2-1-even-23           TIMEOUT      runtime=300.09s
  ⏱️ warehouse-20-40-10-2-1-even-11           TIMEOUT      runtime=300.08s
  ⏱️ warehouse-20-40-10-2-1-even-16           TIMEOUT      runtime=300.06s
  ⏱️ warehouse-20-40-10-2-1-even-14           TIMEOUT      runtime=300.04s
  ⏱️ warehouse-20-40-10-2-1-even-5            TIMEOUT      runtime=300.01s
  ⏱️ warehouse-20-40-10-2-1-even-8            TIMEOUT      runtime=300.05s
