================================================================================
Map: warehouse-20-40-10-2-1 | Agents: 70 | Scenarios: 50
================================================================================

  ✅ warehouse-20-40-10-2-1-random-21         SOLVED       runtime=2.37s, makespan=319, soc=22260
  ✅ warehouse-20-40-10-2-1-random-10         SOLVED       runtime=2.69s, makespan=378, soc=26390
  ✅ warehouse-20-40-10-2-1-random-9          SOLVED       runtime=2.59s, makespan=362, soc=25270
  ✅ warehouse-20-40-10-2-1-random-13         SOLVED       runtime=2.47s, makespan=353, soc=24640
  ✅ warehouse-20-40-10-2-1-random-19         SOLVED       runtime=2.61s, makespan=401, soc=28000
  ✅ warehouse-20-40-10-2-1-random-1          SOLVED       runtime=2.42s, makespan=346, soc=24150
  ✅ warehouse-20-40-10-2-1-random-5          SOLVED       runtime=2.56s, makespan=378, soc=26390
  ✅ warehouse-20-40-10-2-1-random-15         SOLVED       runtime=2.51s, makespan=377, soc=26320
  ✅ warehouse-20-40-10-2-1-random-24         SOLVED       runtime=2.45s, makespan=343, soc=23940
  ✅ warehouse-20-40-10-2-1-random-23         SOLVED       runtime=2.42s, makespan=356, soc=24850
  ✅ warehouse-20-40-10-2-1-random-20         SOLVED       runtime=2.54s, makespan=344, soc=24010
  ✅ warehouse-20-40-10-2-1-random-25         SOLVED       runtime=2.56s, makespan=370, soc=25830
  ✅ warehouse-20-40-10-2-1-random-7          SOLVED       runtime=2.57s, makespan=374, soc=26110
  ✅ warehouse-20-40-10-2-1-random-2          SOLVED       runtime=2.46s, makespan=366, soc=25550
  ✅ warehouse-20-40-10-2-1-random-6          SOLVED       runtime=2.55s, makespan=372, soc=25970
  ✅ warehouse-20-40-10-2-1-random-18         SOLVED       runtime=2.43s, makespan=337, soc=23520
  ✅ warehouse-20-40-10-2-1-random-17         SOLVED       runtime=2.53s, makespan=344, soc=24010
  ✅ warehouse-20-40-10-2-1-random-11         SOLVED       runtime=2.52s, makespan=378, soc=26390
  ✅ warehouse-20-40-10-2-1-random-22         SOLVED       runtime=2.41s, makespan=369, soc=25760
  ✅ warehouse-20-40-10-2-1-random-14         SOLVED       runtime=2.61s, makespan=349, soc=24360
  ⏱️ warehouse-20-40-10-2-1-random-3          TIMEOUT      runtime=300.00s
  ⏱️ warehouse-20-40-10-2-1-random-4          TIMEOUT      runtime=300.17s
  ⏱️ warehouse-20-40-10-2-1-random-12         TIMEOUT      runtime=300.08s
  ⏱️ warehouse-20-40-10-2-1-random-8          TIMEOUT      runtime=300.05s
  ✅ warehouse-20-40-10-2-1-even-1            SOLVED       runtime=2.92s, makespan=390, soc=27230
  ✅ warehouse-20-40-10-2-1-even-2            SOLVED       runtime=2.82s, makespan=395, soc=27580
  ✅ warehouse-20-40-10-2-1-even-24           SOLVED       runtime=2.66s, makespan=412, soc=28770
  ✅ warehouse-20-40-10-2-1-even-3            SOLVED       runtime=2.88s, makespan=393, soc=27440
  ✅ warehouse-20-40-10-2-1-even-20           SOLVED       runtime=2.94s, makespan=411, soc=28700
  ✅ warehouse-20-40-10-2-1-even-9            SOLVED       runtime=2.80s, makespan=425, soc=29680
  ✅ warehouse-20-40-10-2-1-even-22           SOLVED       runtime=2.74s, makespan=408, soc=28490
  ✅ warehouse-20-40-10-2-1-even-10           SOLVED       runtime=2.84s, makespan=407, soc=28420
  ⏱️ warehouse-20-40-10-2-1-random-16         TIMEOUT      runtime=300.07s
  ⏱️ warehouse-20-40-10-2-1-even-4            TIMEOUT      runtime=300.19s
  ✅ warehouse-20-40-10-2-1-even-13           SOLVED       runtime=2.78s, makespan=409, soc=28560
  ✅ warehouse-20-40-10-2-1-even-6            SOLVED       runtime=2.63s, makespan=385, soc=26880
  ✅ warehouse-20-40-10-2-1-even-15           SOLVED       runtime=2.88s, makespan=401, soc=28000
  ✅ warehouse-20-40-10-2-1-even-17           SOLVED       runtime=2.75s, makespan=388, soc=27090
  ✅ warehouse-20-40-10-2-1-even-21           SOLVED       runtime=2.82s, makespan=413, soc=28840
  ✅ warehouse-20-40-10-2-1-even-16           SOLVED       runtime=2.92s, makespan=425, soc=29680
  ⏱️ warehouse-20-40-10-2-1-even-18           TIMEOUT      runtime=300.01s
  ✅ warehouse-20-40-10-2-1-even-19           SOLVED       runtime=2.83s, makespan=417, soc=29120
  ⏱️ warehouse-20-40-10-2-1-even-12           TIMEOUT      runtime=300.07s
  ⏱️ warehouse-20-40-10-2-1-even-23           TIMEOUT      runtime=300.02s
  ✅ warehouse-20-40-10-2-1-even-8            SOLVED       runtime=2.71s, makespan=403, soc=28140
  ✅ warehouse-20-40-10-2-1-even-25           SOLVED       runtime=2.87s, makespan=419, soc=29260
  ✅ warehouse-20-40-10-2-1-even-7            SOLVED       runtime=2.67s, makespan=409, soc=28560
  ⏱️ warehouse-20-40-10-2-1-even-11           TIMEOUT      runtime=300.01s
  ⏱️ warehouse-20-40-10-2-1-even-14           TIMEOUT      runtime=300.02s
  ⏱️ warehouse-20-40-10-2-1-even-5            TIMEOUT      runtime=300.07s
