================================================================================
Map: random-64-64-20 | Agents: 25 | Scenarios: 50
================================================================================

  ✅ random-64-64-20-random-1                 SOLVED       runtime=0.32s, makespan=91, soc=2250
  ✅ random-64-64-20-random-25                SOLVED       runtime=0.32s, makespan=85, soc=2100
  ✅ random-64-64-20-random-23                SOLVED       runtime=0.33s, makespan=81, soc=2000
  ✅ random-64-64-20-random-2                 SOLVED       runtime=0.32s, makespan=76, soc=1875
  ✅ random-64-64-20-random-7                 SOLVED       runtime=0.33s, makespan=66, soc=1625
  ✅ random-64-64-20-random-9                 SOLVED       runtime=0.31s, makespan=82, soc=2025
  ✅ random-64-64-20-random-22                SOLVED       runtime=0.32s, makespan=78, soc=1925
  ✅ random-64-64-20-random-8                 SOLVED       runtime=0.32s, makespan=83, soc=2050
  ✅ random-64-64-20-random-13                SOLVED       runtime=0.33s, makespan=77, soc=1900
  ✅ random-64-64-20-random-14                SOLVED       runtime=0.32s, makespan=77, soc=1900
  ✅ random-64-64-20-random-20                SOLVED       runtime=0.33s, makespan=79, soc=1950
  ✅ random-64-64-20-random-6                 SOLVED       runtime=0.33s, makespan=114, soc=2825
  ✅ random-64-64-20-random-18                SOLVED       runtime=0.33s, makespan=102, soc=2525
  ✅ random-64-64-20-random-17                SOLVED       runtime=0.33s, makespan=85, soc=2100
  ✅ random-64-64-20-random-11                SOLVED       runtime=0.33s, makespan=94, soc=2325
  ✅ random-64-64-20-random-19                SOLVED       runtime=0.32s, makespan=84, soc=2075
  ✅ random-64-64-20-random-3                 SOLVED       runtime=0.33s, makespan=83, soc=2050
  ✅ random-64-64-20-random-15                SOLVED       runtime=0.33s, makespan=99, soc=2450
  ✅ random-64-64-20-random-12                SOLVED       runtime=0.33s, makespan=90, soc=2225
  ✅ random-64-64-20-random-10                SOLVED       runtime=0.33s, makespan=89, soc=2200
  ✅ random-64-64-20-random-16                SOLVED       runtime=0.33s, makespan=90, soc=2225
  ✅ random-64-64-20-random-21                SOLVED       runtime=0.34s, makespan=87, soc=2150
  ✅ random-64-64-20-random-24                SOLVED       runtime=0.34s, makespan=97, soc=2400
  ✅ random-64-64-20-random-4                 SOLVED       runtime=0.34s, makespan=97, soc=2400
  ✅ random-64-64-20-random-5                 SOLVED       runtime=0.35s, makespan=69, soc=1700
  ✅ random-64-64-20-even-16                  SOLVED       runtime=0.34s, makespan=96, soc=2375
  ✅ random-64-64-20-even-5                   SOLVED       runtime=0.34s, makespan=110, soc=2725
  ✅ random-64-64-20-even-3                   SOLVED       runtime=0.34s, makespan=107, soc=2650
  ✅ random-64-64-20-even-17                  SOLVED       runtime=0.34s, makespan=91, soc=2250
  ✅ random-64-64-20-even-25                  SOLVED       runtime=0.35s, makespan=101, soc=2500
  ✅ random-64-64-20-even-8                   SOLVED       runtime=0.34s, makespan=102, soc=2525
  ✅ random-64-64-20-even-12                  SOLVED       runtime=0.34s, makespan=102, soc=2525
  ✅ random-64-64-20-even-11                  SOLVED       runtime=0.34s, makespan=113, soc=2800
  ✅ random-64-64-20-even-24                  SOLVED       runtime=0.35s, makespan=102, soc=2525
  ✅ random-64-64-20-even-1                   SOLVED       runtime=0.34s, makespan=107, soc=2650
  ✅ random-64-64-20-even-20                  SOLVED       runtime=0.35s, makespan=100, soc=2475
  ✅ random-64-64-20-even-15                  SOLVED       runtime=0.35s, makespan=102, soc=2525
  ✅ random-64-64-20-even-4                   SOLVED       runtime=0.36s, makespan=100, soc=2475
  ✅ random-64-64-20-even-14                  SOLVED       runtime=0.35s, makespan=101, soc=2500
  ✅ random-64-64-20-even-19                  SOLVED       runtime=0.35s, makespan=100, soc=2475
  ✅ random-64-64-20-even-10                  SOLVED       runtime=0.35s, makespan=104, soc=2575
  ✅ random-64-64-20-even-2                   SOLVED       runtime=0.35s, makespan=108, soc=2675
  ✅ random-64-64-20-even-18                  SOLVED       runtime=0.34s, makespan=102, soc=2525
  ✅ random-64-64-20-even-7                   SOLVED       runtime=0.34s, makespan=106, soc=2625
  ✅ random-64-64-20-even-13                  SOLVED       runtime=0.35s, makespan=109, soc=2700
  ✅ random-64-64-20-even-23                  SOLVED       runtime=0.35s, makespan=105, soc=2600
  ✅ random-64-64-20-even-9                   SOLVED       runtime=0.35s, makespan=110, soc=2725
  ✅ random-64-64-20-even-6                   SOLVED       runtime=0.35s, makespan=101, soc=2500
  ✅ random-64-64-20-even-22                  SOLVED       runtime=0.36s, makespan=104, soc=2575
  ✅ random-64-64-20-even-21                  SOLVED       runtime=0.36s, makespan=104, soc=2575
