================================================================================
Map: random-32-32-20 | Agents: 50 | Scenarios: 50
================================================================================

  ✅ random-32-32-20-random-13                SOLVED       runtime=0.21s, makespan=52, soc=2550
  ✅ random-32-32-20-random-2                 SOLVED       runtime=0.22s, makespan=52, soc=2550
  ✅ random-32-32-20-random-12                SOLVED       runtime=0.24s, makespan=63, soc=3100
  ✅ random-32-32-20-random-5                 SOLVED       runtime=0.26s, makespan=49, soc=2400
  ✅ random-32-32-20-random-6                 SOLVED       runtime=0.21s, makespan=47, soc=2300
  ✅ random-32-32-20-random-10                SOLVED       runtime=0.23s, makespan=46, soc=2250
  ✅ random-32-32-20-random-18                SOLVED       runtime=0.24s, makespan=52, soc=2550
  ✅ random-32-32-20-random-17                SOLVED       runtime=0.26s, makespan=44, soc=2150
  ✅ random-32-32-20-random-19                SOLVED       runtime=0.21s, makespan=45, soc=2200
  ✅ random-32-32-20-random-25                SOLVED       runtime=0.22s, makespan=50, soc=2450
  ✅ random-32-32-20-random-1                 SOLVED       runtime=0.24s, makespan=49, soc=2400
  ✅ random-32-32-20-random-21                SOLVED       runtime=0.25s, makespan=42, soc=2050
  ✅ random-32-32-20-random-7                 SOLVED       runtime=0.27s, makespan=48, soc=2350
  ✅ random-32-32-20-random-11                SOLVED       runtime=0.22s, makespan=48, soc=2350
  ✅ random-32-32-20-random-20                SOLVED       runtime=0.24s, makespan=45, soc=2200
  ✅ random-32-32-20-random-4                 SOLVED       runtime=0.25s, makespan=71, soc=3500
  ✅ random-32-32-20-random-23                SOLVED       runtime=0.37s, makespan=46, soc=2250
  ✅ random-32-32-20-random-14                SOLVED       runtime=0.22s, makespan=45, soc=2200
  ✅ random-32-32-20-random-16                SOLVED       runtime=0.23s, makespan=46, soc=2250
  ✅ random-32-32-20-random-22                SOLVED       runtime=0.25s, makespan=48, soc=2350
  ✅ random-32-32-20-random-9                 SOLVED       runtime=0.26s, makespan=51, soc=2500
  ✅ random-32-32-20-random-3                 SOLVED       runtime=0.26s, makespan=44, soc=2150
  ✅ random-32-32-20-random-8                 SOLVED       runtime=0.22s, makespan=42, soc=2050
  ✅ random-32-32-20-random-24                SOLVED       runtime=0.24s, makespan=57, soc=2800
  ✅ random-32-32-20-random-15                SOLVED       runtime=0.25s, makespan=42, soc=2050
  ✅ random-32-32-20-even-22                  SOLVED       runtime=0.37s, makespan=57, soc=2800
  ✅ random-32-32-20-even-8                   SOLVED       runtime=0.21s, makespan=50, soc=2450
  ✅ random-32-32-20-even-15                  SOLVED       runtime=0.23s, makespan=55, soc=2700
  ✅ random-32-32-20-even-12                  SOLVED       runtime=0.24s, makespan=52, soc=2550
  ✅ random-32-32-20-even-13                  SOLVED       runtime=0.26s, makespan=58, soc=2850
  ✅ random-32-32-20-even-3                   SOLVED       runtime=0.21s, makespan=51, soc=2500
  ✅ random-32-32-20-even-24                  SOLVED       runtime=0.23s, makespan=53, soc=2600
  ✅ random-32-32-20-even-6                   SOLVED       runtime=0.23s, makespan=49, soc=2400
  ✅ random-32-32-20-even-21                  SOLVED       runtime=0.23s, makespan=59, soc=2900
  ✅ random-32-32-20-even-16                  SOLVED       runtime=0.34s, makespan=55, soc=2700
  ✅ random-32-32-20-even-1                   SOLVED       runtime=0.34s, makespan=49, soc=2400
  ✅ random-32-32-20-even-7                   SOLVED       runtime=0.23s, makespan=47, soc=2300
  ✅ random-32-32-20-even-23                  SOLVED       runtime=0.34s, makespan=70, soc=3450
  ✅ random-32-32-20-even-20                  SOLVED       runtime=0.33s, makespan=54, soc=2650
  ✅ random-32-32-20-even-18                  SOLVED       runtime=0.34s, makespan=52, soc=2550
  ✅ random-32-32-20-even-17                  SOLVED       runtime=0.33s, makespan=53, soc=2600
  ✅ random-32-32-20-even-25                  SOLVED       runtime=0.33s, makespan=55, soc=2700
  ✅ random-32-32-20-even-14                  SOLVED       runtime=0.32s, makespan=55, soc=2700
  ✅ random-32-32-20-even-4                   SOLVED       runtime=0.32s, makespan=56, soc=2750
  ✅ random-32-32-20-even-19                  SOLVED       runtime=0.32s, makespan=55, soc=2700
  ❌ random-32-32-20-even-2                   FAILED       runtime=21.30s
  ❌ random-32-32-20-even-11                  FAILED       runtime=21.92s
  ❌ random-32-32-20-even-5                   FAILED       runtime=21.82s
  ❌ random-32-32-20-even-9                   FAILED       runtime=21.96s
  ❌ random-32-32-20-even-10                  FAILED       runtime=21.74s
