================================================================================
Map: random-64-64-20 | Agents: 40 | Scenarios: 50
================================================================================

  ✅ random-64-64-20-random-1                 SOLVED       runtime=0.33s, makespan=91, soc=3600
  ✅ random-64-64-20-random-25                SOLVED       runtime=0.44s, makespan=91, soc=3600
  ✅ random-64-64-20-random-23                SOLVED       runtime=0.33s, makespan=95, soc=3760
  ✅ random-64-64-20-random-2                 SOLVED       runtime=0.43s, makespan=87, soc=3440
  ✅ random-64-64-20-random-7                 SOLVED       runtime=0.44s, makespan=95, soc=3760
  ✅ random-64-64-20-random-9                 SOLVED       runtime=0.43s, makespan=82, soc=3240
  ✅ random-64-64-20-random-22                SOLVED       runtime=0.43s, makespan=78, soc=3080
  ✅ random-64-64-20-random-8                 SOLVED       runtime=0.44s, makespan=84, soc=3320
  ✅ random-64-64-20-random-13                SOLVED       runtime=0.44s, makespan=91, soc=3600
  ✅ random-64-64-20-random-14                SOLVED       runtime=0.44s, makespan=77, soc=3040
  ✅ random-64-64-20-random-20                SOLVED       runtime=0.44s, makespan=83, soc=3280
  ✅ random-64-64-20-random-6                 SOLVED       runtime=0.44s, makespan=114, soc=4520
  ✅ random-64-64-20-random-18                SOLVED       runtime=0.44s, makespan=102, soc=4040
  ✅ random-64-64-20-random-17                SOLVED       runtime=0.45s, makespan=85, soc=3360
  ✅ random-64-64-20-random-11                SOLVED       runtime=0.44s, makespan=94, soc=3720
  ✅ random-64-64-20-random-19                SOLVED       runtime=0.45s, makespan=84, soc=3320
  ✅ random-64-64-20-random-3                 SOLVED       runtime=0.44s, makespan=83, soc=3280
  ✅ random-64-64-20-random-15                SOLVED       runtime=0.45s, makespan=99, soc=3920
  ✅ random-64-64-20-random-12                SOLVED       runtime=0.45s, makespan=90, soc=3560
  ✅ random-64-64-20-random-10                SOLVED       runtime=0.45s, makespan=89, soc=3520
  ✅ random-64-64-20-random-16                SOLVED       runtime=0.34s, makespan=98, soc=3880
  ✅ random-64-64-20-random-21                SOLVED       runtime=0.46s, makespan=87, soc=3440
  ✅ random-64-64-20-random-24                SOLVED       runtime=0.46s, makespan=97, soc=3840
  ✅ random-64-64-20-random-4                 SOLVED       runtime=0.35s, makespan=97, soc=3840
  ✅ random-64-64-20-random-5                 SOLVED       runtime=0.34s, makespan=86, soc=3400
  ✅ random-64-64-20-even-16                  SOLVED       runtime=0.46s, makespan=96, soc=3800
  ✅ random-64-64-20-even-5                   SOLVED       runtime=0.46s, makespan=110, soc=4360
  ✅ random-64-64-20-even-3                   SOLVED       runtime=0.47s, makespan=107, soc=4240
  ✅ random-64-64-20-even-17                  SOLVED       runtime=0.46s, makespan=99, soc=3920
  ✅ random-64-64-20-even-25                  SOLVED       runtime=0.47s, makespan=101, soc=4000
  ✅ random-64-64-20-even-8                   SOLVED       runtime=0.46s, makespan=102, soc=4040
  ✅ random-64-64-20-even-12                  SOLVED       runtime=0.47s, makespan=118, soc=4680
  ✅ random-64-64-20-even-11                  SOLVED       runtime=0.46s, makespan=113, soc=4480
  ✅ random-64-64-20-even-1                   SOLVED       runtime=0.34s, makespan=107, soc=4240
  ✅ random-64-64-20-even-24                  SOLVED       runtime=0.47s, makespan=132, soc=5240
  ✅ random-64-64-20-even-20                  SOLVED       runtime=0.48s, makespan=100, soc=3960
  ✅ random-64-64-20-even-15                  SOLVED       runtime=0.47s, makespan=101, soc=4000
  ✅ random-64-64-20-even-4                   SOLVED       runtime=0.35s, makespan=105, soc=4160
  ✅ random-64-64-20-even-14                  SOLVED       runtime=0.47s, makespan=101, soc=4000
  ✅ random-64-64-20-even-19                  SOLVED       runtime=0.48s, makespan=100, soc=3960
  ✅ random-64-64-20-even-10                  SOLVED       runtime=0.47s, makespan=104, soc=4120
  ✅ random-64-64-20-even-2                   SOLVED       runtime=0.35s, makespan=110, soc=4360
  ✅ random-64-64-20-even-18                  SOLVED       runtime=0.47s, makespan=102, soc=4040
  ✅ random-64-64-20-even-7                   SOLVED       runtime=0.48s, makespan=106, soc=4200
  ✅ random-64-64-20-even-13                  SOLVED       runtime=0.48s, makespan=118, soc=4680
  ✅ random-64-64-20-even-23                  SOLVED       runtime=0.47s, makespan=105, soc=4160
  ✅ random-64-64-20-even-9                   SOLVED       runtime=0.49s, makespan=110, soc=4360
  ✅ random-64-64-20-even-6                   SOLVED       runtime=0.49s, makespan=101, soc=4000
  ✅ random-64-64-20-even-22                  SOLVED       runtime=0.49s, makespan=109, soc=4320
  ✅ random-64-64-20-even-21                  SOLVED       runtime=0.48s, makespan=108, soc=4280
