================================================================================
Map: maze-128-128-1 | Agents: 70 | Scenarios: 25
================================================================================

  ✅ maze-128-128-1-random-8                  SOLVED       runtime=1.88s, makespan=1072, soc=74970
  ⏱️ maze-128-128-1-random-5                  TIMEOUT      runtime=300.02s
  ⏱️ maze-128-128-1-random-18                 TIMEOUT      runtime=300.13s
  ⏱️ maze-128-128-1-random-7                  TIMEOUT      runtime=300.07s
  ✅ maze-128-128-1-random-20                 SOLVED       runtime=1.99s, makespan=1182, soc=82670
  ⏱️ maze-128-128-1-random-25                 TIMEOUT      runtime=300.08s
  ⏱️ maze-128-128-1-random-3                  TIMEOUT      runtime=300.05s
  ⏱️ maze-128-128-1-random-6                  TIMEOUT      runtime=300.37s
  ⏱️ maze-128-128-1-random-24                 TIMEOUT      runtime=300.02s
  ⏱️ maze-128-128-1-random-14                 TIMEOUT      runtime=300.07s
  ⏱️ maze-128-128-1-random-13                 TIMEOUT      runtime=300.09s
  ✅ maze-128-128-1-random-23                 SOLVED       runtime=1.95s, makespan=1100, soc=76930
  ⏱️ maze-128-128-1-random-15                 TIMEOUT      runtime=300.04s
  ⏱️ maze-128-128-1-random-17                 TIMEOUT      runtime=300.05s
  ⏱️ maze-128-128-1-random-2                  TIMEOUT      runtime=300.04s
  ⏱️ maze-128-128-1-random-21                 TIMEOUT      runtime=300.01s
  ✅ maze-128-128-1-random-4                  SOLVED       runtime=1.94s, makespan=1101, soc=77000
  ⏱️ maze-128-128-1-random-12                 TIMEOUT      runtime=300.02s
  ⏱️ maze-128-128-1-random-1                  TIMEOUT      runtime=300.03s
  ⏱️ maze-128-128-1-random-10                 TIMEOUT      runtime=300.09s
  ⏱️ maze-128-128-1-random-22                 TIMEOUT      runtime=300.01s
  ⏱️ maze-128-128-1-random-16                 TIMEOUT      runtime=300.09s
  ⏱️ maze-128-128-1-random-19                 TIMEOUT      runtime=300.09s
  ⏱️ maze-128-128-1-random-11                 TIMEOUT      runtime=300.03s
  ⏱️ maze-128-128-1-random-9                  TIMEOUT      runtime=300.04s
