================================================================================
Map: random-64-64-20 | Agents: 35 | Scenarios: 50
================================================================================

  ✅ random-64-64-20-random-1                 SOLVED       runtime=0.32s, makespan=91, soc=3150
  ✅ random-64-64-20-random-25                SOLVED       runtime=0.32s, makespan=109, soc=3780
  ✅ random-64-64-20-random-23                SOLVED       runtime=0.32s, makespan=95, soc=3290
  ✅ random-64-64-20-random-2                 SOLVED       runtime=0.32s, makespan=87, soc=3010
  ✅ random-64-64-20-random-7                 SOLVED       runtime=0.32s, makespan=95, soc=3290
  ✅ random-64-64-20-random-9                 SOLVED       runtime=0.43s, makespan=82, soc=2835
  ✅ random-64-64-20-random-22                SOLVED       runtime=0.43s, makespan=78, soc=2695
  ✅ random-64-64-20-random-8                 SOLVED       runtime=0.43s, makespan=83, soc=2870
  ✅ random-64-64-20-random-13                SOLVED       runtime=0.33s, makespan=91, soc=3150
  ✅ random-64-64-20-random-14                SOLVED       runtime=0.33s, makespan=77, soc=2660
  ✅ random-64-64-20-random-20                SOLVED       runtime=0.32s, makespan=79, soc=2730
  ✅ random-64-64-20-random-6                 SOLVED       runtime=0.33s, makespan=114, soc=3955
  ✅ random-64-64-20-random-18                SOLVED       runtime=0.45s, makespan=102, soc=3535
  ✅ random-64-64-20-random-17                SOLVED       runtime=0.33s, makespan=85, soc=2940
  ✅ random-64-64-20-random-11                SOLVED       runtime=0.32s, makespan=94, soc=3255
  ✅ random-64-64-20-random-19                SOLVED       runtime=0.33s, makespan=84, soc=2905
  ✅ random-64-64-20-random-3                 SOLVED       runtime=0.32s, makespan=83, soc=2870
  ✅ random-64-64-20-random-15                SOLVED       runtime=0.33s, makespan=99, soc=3430
  ✅ random-64-64-20-random-12                SOLVED       runtime=0.33s, makespan=90, soc=3115
  ✅ random-64-64-20-random-10                SOLVED       runtime=0.33s, makespan=89, soc=3080
  ✅ random-64-64-20-random-16                SOLVED       runtime=0.34s, makespan=90, soc=3115
  ✅ random-64-64-20-random-21                SOLVED       runtime=0.44s, makespan=87, soc=3010
  ✅ random-64-64-20-random-24                SOLVED       runtime=0.33s, makespan=97, soc=3360
  ✅ random-64-64-20-random-4                 SOLVED       runtime=0.35s, makespan=97, soc=3360
  ✅ random-64-64-20-random-5                 SOLVED       runtime=0.34s, makespan=86, soc=2975
  ✅ random-64-64-20-even-16                  SOLVED       runtime=0.34s, makespan=96, soc=3325
  ✅ random-64-64-20-even-5                   SOLVED       runtime=0.33s, makespan=110, soc=3815
  ✅ random-64-64-20-even-3                   SOLVED       runtime=0.34s, makespan=108, soc=3745
  ✅ random-64-64-20-even-17                  SOLVED       runtime=0.34s, makespan=99, soc=3430
  ✅ random-64-64-20-even-25                  SOLVED       runtime=0.34s, makespan=101, soc=3500
  ✅ random-64-64-20-even-8                   SOLVED       runtime=0.46s, makespan=102, soc=3535
  ✅ random-64-64-20-even-12                  SOLVED       runtime=0.47s, makespan=118, soc=4095
  ✅ random-64-64-20-even-11                  SOLVED       runtime=0.46s, makespan=113, soc=3920
  ✅ random-64-64-20-even-24                  SOLVED       runtime=0.34s, makespan=102, soc=3535
  ✅ random-64-64-20-even-1                   SOLVED       runtime=0.34s, makespan=107, soc=3710
  ✅ random-64-64-20-even-20                  SOLVED       runtime=0.35s, makespan=100, soc=3465
  ✅ random-64-64-20-even-15                  SOLVED       runtime=0.34s, makespan=101, soc=3500
  ✅ random-64-64-20-even-4                   SOLVED       runtime=0.36s, makespan=105, soc=3640
  ✅ random-64-64-20-even-14                  SOLVED       runtime=0.34s, makespan=101, soc=3500
  ✅ random-64-64-20-even-19                  SOLVED       runtime=0.34s, makespan=100, soc=3465
  ✅ random-64-64-20-even-10                  SOLVED       runtime=0.35s, makespan=104, soc=3605
  ✅ random-64-64-20-even-2                   SOLVED       runtime=0.35s, makespan=108, soc=3745
  ✅ random-64-64-20-even-18                  SOLVED       runtime=0.35s, makespan=102, soc=3535
  ✅ random-64-64-20-even-7                   SOLVED       runtime=0.35s, makespan=106, soc=3675
  ✅ random-64-64-20-even-13                  SOLVED       runtime=0.48s, makespan=118, soc=4095
  ✅ random-64-64-20-even-23                  SOLVED       runtime=0.48s, makespan=105, soc=3640
  ✅ random-64-64-20-even-9                   SOLVED       runtime=0.35s, makespan=110, soc=3815
  ✅ random-64-64-20-even-6                   SOLVED       runtime=0.35s, makespan=101, soc=3500
  ✅ random-64-64-20-even-22                  SOLVED       runtime=0.35s, makespan=109, soc=3780
  ✅ random-64-64-20-even-21                  SOLVED       runtime=0.35s, makespan=108, soc=3745
