================================================================================
Map: warehouse-20-40-10-2-1 | Agents: 65 | Scenarios: 50
================================================================================

  ✅ warehouse-20-40-10-2-1-random-21         SOLVED       runtime=2.12s, makespan=319, soc=20670
  ✅ warehouse-20-40-10-2-1-random-10         SOLVED       runtime=2.58s, makespan=378, soc=24505
  ✅ warehouse-20-40-10-2-1-random-9          SOLVED       runtime=2.33s, makespan=362, soc=23465
  ✅ warehouse-20-40-10-2-1-random-13         SOLVED       runtime=2.24s, makespan=350, soc=22685
  ✅ warehouse-20-40-10-2-1-random-19         SOLVED       runtime=2.50s, makespan=401, soc=26000
  ✅ warehouse-20-40-10-2-1-random-1          SOLVED       runtime=2.27s, makespan=328, soc=21255
  ✅ warehouse-20-40-10-2-1-random-5          SOLVED       runtime=2.46s, makespan=378, soc=24505
  ✅ warehouse-20-40-10-2-1-random-15         SOLVED       runtime=2.33s, makespan=377, soc=24440
  ✅ warehouse-20-40-10-2-1-random-24         SOLVED       runtime=2.21s, makespan=330, soc=21385
  ✅ warehouse-20-40-10-2-1-random-23         SOLVED       runtime=2.17s, makespan=356, soc=23075
  ✅ warehouse-20-40-10-2-1-random-4          SOLVED       runtime=2.29s, makespan=370, soc=23985
  ✅ warehouse-20-40-10-2-1-random-20         SOLVED       runtime=2.31s, makespan=344, soc=22295
  ✅ warehouse-20-40-10-2-1-random-25         SOLVED       runtime=2.33s, makespan=370, soc=23985
  ✅ warehouse-20-40-10-2-1-random-7          SOLVED       runtime=2.46s, makespan=374, soc=24245
  ✅ warehouse-20-40-10-2-1-random-2          SOLVED       runtime=2.12s, makespan=366, soc=23725
  ✅ warehouse-20-40-10-2-1-random-6          SOLVED       runtime=2.32s, makespan=372, soc=24115
  ✅ warehouse-20-40-10-2-1-random-12         SOLVED       runtime=2.32s, makespan=356, soc=23075
  ✅ warehouse-20-40-10-2-1-random-18         SOLVED       runtime=2.13s, makespan=324, soc=20995
  ✅ warehouse-20-40-10-2-1-random-17         SOLVED       runtime=2.33s, makespan=344, soc=22295
  ✅ warehouse-20-40-10-2-1-random-11         SOLVED       runtime=2.42s, makespan=378, soc=24505
  ✅ warehouse-20-40-10-2-1-random-22         SOLVED       runtime=2.21s, makespan=369, soc=23920
  ✅ warehouse-20-40-10-2-1-random-14         SOLVED       runtime=2.31s, makespan=349, soc=22620
  ✅ warehouse-20-40-10-2-1-random-16         SOLVED       runtime=2.31s, makespan=345, soc=22360
  ⏱️ warehouse-20-40-10-2-1-random-3          TIMEOUT      runtime=300.07s
  ⏱️ warehouse-20-40-10-2-1-random-8          TIMEOUT      runtime=300.22s
  ✅ warehouse-20-40-10-2-1-even-1            SOLVED       runtime=2.75s, makespan=390, soc=25285
  ✅ warehouse-20-40-10-2-1-even-2            SOLVED       runtime=2.57s, makespan=395, soc=25610
  ✅ warehouse-20-40-10-2-1-even-24           SOLVED       runtime=2.53s, makespan=412, soc=26715
  ✅ warehouse-20-40-10-2-1-even-3            SOLVED       runtime=2.64s, makespan=393, soc=25480
  ✅ warehouse-20-40-10-2-1-even-20           SOLVED       runtime=2.64s, makespan=411, soc=26650
  ✅ warehouse-20-40-10-2-1-even-9            SOLVED       runtime=2.56s, makespan=425, soc=27560
  ✅ warehouse-20-40-10-2-1-even-18           SOLVED       runtime=2.68s, makespan=411, soc=26650
  ✅ warehouse-20-40-10-2-1-even-22           SOLVED       runtime=2.65s, makespan=408, soc=26455
  ✅ warehouse-20-40-10-2-1-even-10           SOLVED       runtime=2.64s, makespan=407, soc=26390
  ⏱️ warehouse-20-40-10-2-1-even-4            TIMEOUT      runtime=300.08s
  ✅ warehouse-20-40-10-2-1-even-13           SOLVED       runtime=2.86s, makespan=494, soc=32045
  ✅ warehouse-20-40-10-2-1-even-6            SOLVED       runtime=2.42s, makespan=385, soc=24960
  ✅ warehouse-20-40-10-2-1-even-15           SOLVED       runtime=2.86s, makespan=401, soc=26000
  ✅ warehouse-20-40-10-2-1-even-17           SOLVED       runtime=2.55s, makespan=388, soc=25155
  ✅ warehouse-20-40-10-2-1-even-21           SOLVED       runtime=2.59s, makespan=413, soc=26780
  ✅ warehouse-20-40-10-2-1-even-11           SOLVED       runtime=2.54s, makespan=423, soc=27430
  ✅ warehouse-20-40-10-2-1-even-16           SOLVED       runtime=2.70s, makespan=425, soc=27560
  ✅ warehouse-20-40-10-2-1-even-19           SOLVED       runtime=2.76s, makespan=417, soc=27040
  ✅ warehouse-20-40-10-2-1-even-14           SOLVED       runtime=2.52s, makespan=399, soc=25870
  ⏱️ warehouse-20-40-10-2-1-even-12           TIMEOUT      runtime=300.03s
  ⏱️ warehouse-20-40-10-2-1-even-23           TIMEOUT      runtime=300.02s
  ✅ warehouse-20-40-10-2-1-even-8            SOLVED       runtime=2.51s, makespan=392, soc=25415
  ✅ warehouse-20-40-10-2-1-even-25           SOLVED       runtime=2.67s, makespan=418, soc=27105
  ✅ warehouse-20-40-10-2-1-even-7            SOLVED       runtime=2.48s, makespan=409, soc=26520
  ⏱️ warehouse-20-40-10-2-1-even-5            TIMEOUT      runtime=300.01s
